Microchip MPLAB XC8 Compiler V2.32

Linker command line:

-W-3 --edf=C:\Program Files\Microchip\xc8\v2.32\pic\dat\en_msgs.txt -cn \
  -h+dist/default/production\Pic18F_Motor_Control_PID.X.production.sym \
  --cmf=dist/default/production\Pic18F_Motor_Control_PID.X.production.cmf \
  -z -Q18F4520 -oC:\Users\Linh\AppData\Local\Temp\xcAsgpk.4 \
  --defsym=__MPLAB_BUILD=1 \
  -Mdist/default/production/Pic18F_Motor_Control_PID.X.production.map -E1 \
  -ver=XC8 Compiler --acfsm=1493 -ASTACK=094h-05FFh -pstack=STACK \
  -ACODE=00h-07FFFh -ACONST=00h-07FFFh -ASMALLCONST=0600h-06FFhx122 \
  -AMEDIUMCONST=0600h-07FFFh -ACOMRAM=01h-07Fh -AABS1=00h-05FFh \
  -ABIGRAM=01h-05FFh -ARAM=080h-0FFh,0100h-01FFhx5 -ABANK0=080h-0FFh \
  -ABANK1=0100h-01FFh -ABANK2=0200h-02FFh -ABANK3=0300h-03FFh \
  -ABANK4=0400h-04FFh -ABANK5=0500h-05FFh -ASFR=0F80h-0FFFh \
  -ACONFIG=0300000h-030000Dh -AIDLOC=0200000h-0200007h \
  -AEEDATA=0F00000h-0F000FFh -peeprom_data=EEDATA \
  -preset_vec=00h,intcode=08h,intcodelo,powerup,init -pramtop=0600h \
  -psmallconst=SMALLCONST -pmediumconst=MEDIUMCONST -pconst=CONST \
  -AFARRAM=00h-00h \
  -prdata=COMRAM,nvrram=COMRAM,nvbit=COMRAM,rbss=COMRAM,rbit=COMRAM \
  -pfarbss=FARRAM,fardata=FARRAM,nvFARRAM=FARRAM \
  -pintsave_regs=BIGRAM,bigbss=BIGRAM,bigdata=BIGRAM -pbss=RAM \
  -pidata=CODE,irdata=CODE,ibigdata=CODE,ifardata=CODE -prparam=COMRAM \
  C:\Users\Linh\AppData\Local\Temp\xcAsgpk.o \
  dist/default/production\Pic18F_Motor_Control_PID.X.production.o 

Object code version is 3.11

Machine type is 18F4520



                Name                               Link     Load   Length Selector   Space Scale
C:\Users\Linh\AppData\Local\Temp\xcAsgpk.o
                idloc                            200000   200000        8        0       5
                config                           300000   300000        E        0       4
                init                                  E        E        4        4       0
                reset_vec                             0        0        4        0       0
dist/default/production\Pic18F_Motor_Control_PID.X.production.o
                intcode                               8        8        6        4       0
                idloc                            200000   200000        8        0       5
                config                           300000   300000        E        0       4
                temp                                 7F       7F        1        1       1
                smallconst                          600      600       2A      300       0
                intcode_body                       1F02     1F02       62      315       0
                text27                             21BA     21BA       1E      315       0
                text26                             20F8     20F8       2E      315       0
                text25                             2196     2196       24      315       0
                text24                             20CA     20CA       2E      315       0
                text23                             2060     2060       3A      315       0
                text22                             1FC2     1FC2       50      315       0
                text21                             2172     2172       24      315       0
                text20                             2216     2216        A      315       0
                text19                             209A     209A       30      315       0
                text18                             220C     220C        A      315       0
                text17                             2012     2012       4E      315       0
                text16                             1AC6     1AC6      10C      315       0
                text15                             1354     1354      39A      315       0
                text14                              F2A      F2A      42A      315       0
                text13                             1BD2     1BD2      106      315       0
                text12                             16EE     16EE      1B4      315       0
                text11                             19B4     19B4      112      315       0
                text10                             18A2     18A2      112      315       0
                text9                              1E94     1E94       6E      315       0
                text8                              21EA     21EA       12      315       0
                text7                              21FC     21FC       10      315       0
                text6                              21D8     21D8       12      315       0
                text5                               62A      62A      4C0      315       0
                text4                              1F64     1F64       5E      315       0
                text3                              1DD0     1DD0       C4      315       0
                text2                              214C     214C       26      315       0
                text1                              1CD8     1CD8       F8      315       0
                text0                               AEA      AEA      440      315       0
                cstackCOMRAM                          1        1       70        1       1
                bssBANK0                             80       80       14       80       1
                bssCOMRAM                            71       71        E        1       1
                cinit                              2126     2126       26      315       0

TOTAL           Name                               Link     Load   Length     Space
        CLASS   STACK          

        CLASS   CODE           
                intcode                               8        8        6         0
                init                                  E        E        4         0
                reset_vec                             0        0        4         0
                intcode_body                       1F02     1F02       62         0
                text27                             21BA     21BA       1E         0
                text26                             20F8     20F8       2E         0
                text25                             2196     2196       24         0
                text24                             20CA     20CA       2E         0
                text23                             2060     2060       3A         0
                text22                             1FC2     1FC2       50         0
                text21                             2172     2172       24         0
                text20                             2216     2216        A         0
                text19                             209A     209A       30         0
                text18                             220C     220C        A         0
                text17                             2012     2012       4E         0
                text16                             1AC6     1AC6      10C         0
                text15                             1354     1354      39A         0
                text14                              F2A      F2A      42A         0
                text13                             1BD2     1BD2      106         0
                text12                             16EE     16EE      1B4         0
                text11                             19B4     19B4      112         0
                text10                             18A2     18A2      112         0
                text9                              1E94     1E94       6E         0
                text8                              21EA     21EA       12         0
                text7                              21FC     21FC       10         0
                text6                              21D8     21D8       12         0
                text5                               62A      62A      4C0         0
                text4                              1F64     1F64       5E         0
                text3                              1DD0     1DD0       C4         0
                text2                              214C     214C       26         0
                text1                              1CD8     1CD8       F8         0
                text0                               AEA      AEA      440         0
                cinit                              2126     2126       26         0

        CLASS   CONST          

        CLASS   SMALLCONST     
                smallconst                          600      600       2A         0

        CLASS   MEDIUMCONST    

        CLASS   COMRAM         
                temp                                 7F       7F        1         1
                cstackCOMRAM                          1        1       70         1
                bssCOMRAM                            71       71        E         1

        CLASS   ABS1           

        CLASS   BIGRAM         

        CLASS   RAM            

        CLASS   BANK0          
                bssBANK0                             80       80       14         1

        CLASS   BANK1          

        CLASS   BANK2          

        CLASS   BANK3          

        CLASS   BANK4          

        CLASS   BANK5          

        CLASS   SFR            

        CLASS   CONFIG         
                config                           300000   300000        E         4

        CLASS   IDLOC          
                idloc                            200000   200000        8         5

        CLASS   EEDATA         

        CLASS   FARRAM         



SEGMENTS        Name                           Load    Length   Top    Selector   Space  Class

                reset_vec                      000000  000004  000004         0       0  CODE    
                cstackCOMRAM                   000001  00007F  000080         1       1  COMRAM  
                intcode                        000008  00000A  000012         4       0  CODE    
                bssBANK0                       000080  000014  000094        80       1  BANK0   
                smallconst                     000600  00002A  00062A       300       0  SMALLCON
                text5                          00062A  001BF6  002220       315       0  CODE    


UNUSED ADDRESS RANGES

        Name                Unused          Largest block    Delta
        BANK0            000094-0000FF               6C
        BANK1            000100-0001FF              100
        BANK2            000200-0002FF              100
        BANK3            000300-0003FF              100
        BANK4            000400-0004FF              100
        BANK5            000500-0005FF              100
        BIGRAM           000094-0005FF              56C
        CODE             000004-000007                4
                         000012-0005FF              5EE
                         002220-007FFF             5DE0
        CONST            000004-000007                4
                         000012-0005FF              5EE
                         002220-007FFF             5DE0
        EEDATA           F00000-F000FF              100
        MEDIUMCONST      002220-007FFF             5DE0
        RAM              000094-0005FF              100
        SFR              000F80-000FFF               80
        SMALLCONST       002220-007FFF              100
        STACK            000094-0005FF              56C

                                  Symbol Table

?_Get_ADC                         cstackCOMRAM 000001
?___aldiv                         cstackCOMRAM 000001
?___awdiv                         cstackCOMRAM 000007
?___fladd                         cstackCOMRAM 00004F
?___fldiv                         cstackCOMRAM 00001D
?___flmul                         cstackCOMRAM 000036
?___fltol                         cstackCOMRAM 00005F
?___wmul                          cstackCOMRAM 000001
?___xxtofl                        cstackCOMRAM 00000F
?_strlen                          cstackCOMRAM 000001
PWM_Duty1@duty                    cstackCOMRAM 000069
PWM_Duty2@duty                    cstackCOMRAM 000069
PWM_Frequency@u32Frequency        cstackCOMRAM 00000F
_ADC                              bssCOMRAM    000073
_ADCON0                           (abs)        000FC2
_ADCON0bits                       (abs)        000FC2
_ADCON1                           (abs)        000FC1
_ADCON2bits                       (abs)        000FC0
_ADC_Channel0_Configure           text27       0021BA
_ADRESH                           (abs)        000FC4
_ADRESL                           (abs)        000FC3
_CCP1M2                           (abs)        007DEA
_CCP1M3                           (abs)        007DEB
_CCP1X                            (abs)        007DED
_CCP1Y                            (abs)        007DEC
_CCP2M2                           (abs)        007DD2
_CCP2M3                           (abs)        007DD3
_CCP2X                            (abs)        007DD5
_CCP2Y                            (abs)        007DD4
_CCPR1L                           (abs)        000FBE
_CCPR2L                           (abs)        000FBB
_Cauhinh_LCD                      text21       002172
_Clear_Timer1                     text20       002216
_E0                               bssBANK0     00008C
_Get_ADC                          text19       00209A
_INTCON                           (abs)        000FF2
_INTCONbits                       (abs)        000FF2
_Kd                               bssBANK0     000080
_Ki                               bssBANK0     000084
_Kp                               bssBANK0     000088
_L298_Configuration               text18       00220C
_LCD_Setting                      text25       002196
_Led_Display                      text17       002012
_PORTB                            (abs)        000F81
_PORTBbits                        (abs)        000F81
_PORTC                            (abs)        000F82
_PORTCbits                        (abs)        000F82
_PORTD                            (abs)        000F83
_PR2                              (abs)        000FCB
_PWM                              bssCOMRAM    000075
_PWM_Duty1                        text11       0019B4
_PWM_Duty2                        text10       0018A2
_PWM_Frequency                    text9        001E94
_PortB_INT_Configuration          text8        0021EA
_Set_Timer1_Counter               text7        0021FC
_Set_Timer2_PWM                   text6        0021D8
_T1CON                            (abs)        000FCD
_T2CKPS0                          (abs)        007E50
_T2CKPS1                          (abs)        007E51
_T2CONbits                        (abs)        000FCA
_TMR1H                            (abs)        000FCF
_TMR1L                            (abs)        000FCE
_TRISA                            (abs)        000F92
_TRISB                            (abs)        000F93
_TRISC                            (abs)        000F94
_TRISC2                           (abs)        007CA2
_TRISCbits                        (abs)        000F94
_TRISD                            (abs)        000F95
__HRAM                            (abs)        000000
__Habs1                           abs1         000000
__Hbank0                          bank0        000000
__Hbank1                          bank1        000000
__Hbank2                          bank2        000000
__Hbank3                          bank3        000000
__Hbank4                          bank4        000000
__Hbank5                          bank5        000000
__Hbigbss                         bigbss       000000
__Hbigdata                        bigdata      000000
__Hbigram                         bigram       000000
__Hbss                            bss          000000
__HbssBANK0                       bssBANK0     000000
__HbssCOMRAM                      bssCOMRAM    000000
__Hcinit                          cinit        000000
__Hclrtext                        clrtext      000000
__Hcomram                         comram       000000
__Hconfig                         config       30000E
__Hconst                          const        000000
__HcstackCOMRAM                   cstackCOMRAM 000000
__Hdata                           data         000000
__Heeprom_data                    eeprom_data  000000
__Hfarbss                         farbss       000000
__Hfardata                        fardata      000000
__Hibigdata                       ibigdata     000000
__Hidata                          idata        000000
__Hidloc                          idloc        200008
__Hifardata                       ifardata     000000
__Hinit                           init         000012
__Hintcode                        intcode      00000E
__Hintcode_body                   intcode_body 000000
__Hintcodelo                      intcodelo    00000E
__Hintentry                       intentry     000000
__Hintret                         intret       000000
__Hintsave_regs                   intsave_regs 000000
__Hirdata                         irdata       000000
__Hmediumconst                    mediumconst  000000
__HnvFARRAM                       nvFARRAM     000000
__Hnvbit                          nvbit        000000
__Hnvrram                         nvrram       000000
__Hparam                          rparam       000000
__Hpowerup                        powerup      00000E
__Hram                            ram          000000
__Hramtop                         ramtop       000600
__Hrbit                           rbit         000000
__Hrbss                           rbss         000000
__Hrdata                          rdata        000000
__Hreset_vec                      reset_vec    000004
__Hrparam                         rparam       000000
__Hsfr                            sfr          000000
__Hsmallconst                     smallconst   00062A
__Hspace_0                        (abs)        002220
__Hspace_1                        (abs)        000094
__Hspace_2                        (abs)        000000
__Hspace_4                        (abs)        60000E
__Hstack                          stack        000000
__Hstruct                         struct       000000
__Htemp                           temp         000080
__Htext                           text         000000
__Htext0                          text0        000000
__Htext1                          text1        000000
__Htext10                         text10       000000
__Htext11                         text11       000000
__Htext12                         text12       000000
__Htext13                         text13       000000
__Htext14                         text14       000000
__Htext15                         text15       000000
__Htext16                         text16       000000
__Htext17                         text17       000000
__Htext18                         text18       000000
__Htext19                         text19       000000
__Htext2                          text2        000000
__Htext20                         text20       000000
__Htext21                         text21       000000
__Htext22                         text22       000000
__Htext23                         text23       000000
__Htext24                         text24       000000
__Htext25                         text25       000000
__Htext26                         text26       000000
__Htext27                         text27       000000
__Htext3                          text3        000000
__Htext4                          text4        000000
__Htext5                          text5        000000
__Htext6                          text6        000000
__Htext7                          text7        000000
__Htext8                          text8        000000
__Htext9                          text9        000000
__LRAM                            (abs)        000001
__Labs1                           abs1         000000
__Lbank0                          bank0        000000
__Lbank1                          bank1        000000
__Lbank2                          bank2        000000
__Lbank3                          bank3        000000
__Lbank4                          bank4        000000
__Lbank5                          bank5        000000
__Lbigbss                         bigbss       000000
__Lbigdata                        bigdata      000000
__Lbigram                         bigram       000000
__Lbss                            bss          000000
__LbssBANK0                       bssBANK0     000000
__LbssCOMRAM                      bssCOMRAM    000000
__Lcinit                          cinit        000000
__Lclrtext                        clrtext      000000
__Lcomram                         comram       000000
__Lconfig                         config       000000
__Lconst                          const        000000
__LcstackCOMRAM                   cstackCOMRAM 000000
__Ldata                           data         000000
__Leeprom_data                    eeprom_data  000000
__Lfarbss                         farbss       000000
__Lfardata                        fardata      000000
__Libigdata                       ibigdata     000000
__Lidata                          idata        000000
__Lidloc                          idloc        000000
__Lifardata                       ifardata     000000
__Linit                           init         00000E
__Lintcode                        intcode      000008
__Lintcode_body                   intcode_body 000000
__Lintcodelo                      intcodelo    00000E
__Lintentry                       intentry     000000
__Lintret                         intret       000000
__Lintsave_regs                   intsave_regs 000000
__Lirdata                         irdata       000000
__Lmediumconst                    mediumconst  000000
__LnvFARRAM                       nvFARRAM     000000
__Lnvbit                          nvbit        000000
__Lnvrram                         nvrram       000000
__Lparam                          rparam       000000
__Lpowerup                        powerup      00000E
__Lram                            ram          000000
__Lramtop                         ramtop       000600
__Lrbit                           rbit         000000
__Lrbss                           rbss         000000
__Lrdata                          rdata        000000
__Lreset_vec                      reset_vec    000000
__Lrparam                         rparam       000000
__Lsfr                            sfr          000000
__Lsmallconst                     smallconst   000600
__Lspace_0                        (abs)        000000
__Lspace_1                        (abs)        000000
__Lspace_2                        (abs)        000000
__Lspace_4                        (abs)        000000
__Lstack                          stack        000000
__Lstruct                         struct       000000
__Ltemp                           temp         00007F
__Ltext                           text         000000
__Ltext0                          text0        000000
__Ltext1                          text1        000000
__Ltext10                         text10       000000
__Ltext11                         text11       000000
__Ltext12                         text12       000000
__Ltext13                         text13       000000
__Ltext14                         text14       000000
__Ltext15                         text15       000000
__Ltext16                         text16       000000
__Ltext17                         text17       000000
__Ltext18                         text18       000000
__Ltext19                         text19       000000
__Ltext2                          text2        000000
__Ltext20                         text20       000000
__Ltext21                         text21       000000
__Ltext22                         text22       000000
__Ltext23                         text23       000000
__Ltext24                         text24       000000
__Ltext25                         text25       000000
__Ltext26                         text26       000000
__Ltext27                         text27       000000
__Ltext3                          text3        000000
__Ltext4                          text4        000000
__Ltext5                          text5        000000
__Ltext6                          text6        000000
__Ltext7                          text7        000000
__Ltext8                          text8        000000
__Ltext9                          text9        000000
__S0                              (abs)        002220
__S1                              (abs)        000094
__S2                              (abs)        000000
__S4                              (abs)        000000
__S5                              (abs)        000000
___aldiv                          text16       001AC6
___aldiv@counter                  cstackCOMRAM 000009
___aldiv@dividend                 cstackCOMRAM 000001
___aldiv@divisor                  cstackCOMRAM 000005
___aldiv@quotient                 cstackCOMRAM 00000B
___aldiv@sign                     cstackCOMRAM 00000A
___awdiv                          text3        001DD0
___awdiv@counter                  cstackCOMRAM 00000B
___awdiv@dividend                 cstackCOMRAM 000007
___awdiv@divisor                  cstackCOMRAM 000009
___awdiv@quotient                 cstackCOMRAM 00000D
___awdiv@sign                     cstackCOMRAM 00000C
___fladd                          text5        00062A
___fladd@a                        cstackCOMRAM 000053
___fladd@aexp                     cstackCOMRAM 00005C
___fladd@b                        cstackCOMRAM 00004F
___fladd@bexp                     cstackCOMRAM 00005D
___fladd@grs                      cstackCOMRAM 00005E
___fladd@signs                    cstackCOMRAM 00005B
___fldiv                          text15       001354
___fldiv@a                        cstackCOMRAM 000021
___fldiv@aexp                     cstackCOMRAM 000035
___fldiv@b                        cstackCOMRAM 00001D
___fldiv@bexp                     cstackCOMRAM 000034
___fldiv@grs                      cstackCOMRAM 000030
___fldiv@new_exp                  cstackCOMRAM 00002E
___fldiv@rem                      cstackCOMRAM 000029
___fldiv@sign                     cstackCOMRAM 00002D
___flmul                          text14       000F2A
___flmul@a                        cstackCOMRAM 00003A
___flmul@aexp                     cstackCOMRAM 000047
___flmul@b                        cstackCOMRAM 000036
___flmul@bexp                     cstackCOMRAM 000048
___flmul@grs                      cstackCOMRAM 000043
___flmul@prod                     cstackCOMRAM 000049
___flmul@sign                     cstackCOMRAM 000042
___flmul@temp                     cstackCOMRAM 00004D
___fltol                          text13       001BD2
___fltol@exp1                     cstackCOMRAM 000068
___fltol@f1                       cstackCOMRAM 00005F
___fltol@sign1                    cstackCOMRAM 000067
___inthi_sp                       stack        000000
___intlo_sp                       stack        000000
___param_bank                     (abs)        000000
___rparam_used                    (abs)        000001
___sp                             stack        000000
___wmul                           text2        00214C
___wmul@multiplicand              cstackCOMRAM 000003
___wmul@multiplier                cstackCOMRAM 000001
___wmul@product                   cstackCOMRAM 000005
___xxtofl                         text12       0016EE
___xxtofl@arg                     cstackCOMRAM 000019
___xxtofl@exp                     cstackCOMRAM 000018
___xxtofl@sign                    cstackCOMRAM 000017
___xxtofl@val                     cstackCOMRAM 00000F
__accesstop                       (abs)        000080
__activetblptr                    (abs)        000002
__end_of_ADC_Channel0_Configure   text27       0021D8
__end_of_Cauhinh_LCD              text21       002196
__end_of_Clear_Timer1             text20       002220
__end_of_Get_ADC                  text19       0020CA
__end_of_L298_Configuration       text18       002216
__end_of_LCD_Setting              text25       0021BA
__end_of_Led_Display              text17       002060
__end_of_PWM_Duty1                text11       001AC6
__end_of_PWM_Duty2                text10       0019B4
__end_of_PWM_Frequency            text9        001F02
__end_of_PortB_INT_Configuration  text8        0021FC
__end_of_Set_Timer1_Counter       text7        00220C
__end_of_Set_Timer2_PWM           text6        0021EA
__end_of___aldiv                  text16       001BD2
__end_of___awdiv                  text3        001E94
__end_of___fladd                  text5        000AEA
__end_of___fldiv                  text15       0016EE
__end_of___flmul                  text14       001354
__end_of___fltol                  text13       001CD8
__end_of___wmul                   text2        002172
__end_of___xxtofl                 text12       0018A2
__end_of__initialization          cinit        00213E
__end_of_funtion                  intcode_body 001F64
__end_of_lcd_char                 text24       0020F8
__end_of_lcd_command              text26       002126
__end_of_lcd_gotoxy               text4        001FC2
__end_of_lcd_number               text1        001DD0
__end_of_lcd_string               text22       002012
__end_of_main                     text0        000F2A
__end_of_strlen                   text23       00209A
__initialization                  cinit        002126
__mediumconst                     mediumconst  000000
__pbssBANK0                       bssBANK0     000080
__pbssCOMRAM                      bssCOMRAM    000071
__pcinit                          cinit        002126
__pcstackCOMRAM                   cstackCOMRAM 000001
__pintcode                        intcode      000008
__pintcode_body                   intcode_body 001F02
__psmallconst                     smallconst   000600
__ptext0                          text0        000AEA
__ptext1                          text1        001CD8
__ptext10                         text10       0018A2
__ptext11                         text11       0019B4
__ptext12                         text12       0016EE
__ptext13                         text13       001BD2
__ptext14                         text14       000F2A
__ptext15                         text15       001354
__ptext16                         text16       001AC6
__ptext17                         text17       002012
__ptext18                         text18       00220C
__ptext19                         text19       00209A
__ptext2                          text2        00214C
__ptext20                         text20       002216
__ptext21                         text21       002172
__ptext22                         text22       001FC2
__ptext23                         text23       002060
__ptext24                         text24       0020CA
__ptext25                         text25       002196
__ptext26                         text26       0020F8
__ptext27                         text27       0021BA
__ptext3                          text3        001DD0
__ptext4                          text4        001F64
__ptext5                          text5        00062A
__ptext6                          text6        0021D8
__ptext7                          text7        0021FC
__ptext8                          text8        0021EA
__ptext9                          text9        001E94
__ramtop                          ramtop       000600
__size_of_ADC_Channel0_Configure  (abs)        000000
__size_of_Cauhinh_LCD             (abs)        000000
__size_of_Clear_Timer1            (abs)        000000
__size_of_Get_ADC                 (abs)        000000
__size_of_L298_Configuration      (abs)        000000
__size_of_LCD_Setting             (abs)        000000
__size_of_Led_Display             (abs)        000000
__size_of_PWM_Duty1               (abs)        000000
__size_of_PWM_Duty2               (abs)        000000
__size_of_PWM_Frequency           (abs)        000000
__size_of_PortB_INT_Configuration (abs)        000000
__size_of_Set_Timer1_Counter      (abs)        000000
__size_of_Set_Timer2_PWM          (abs)        000000
__size_of___aldiv                 (abs)        000000
__size_of___awdiv                 (abs)        000000
__size_of___fladd                 (abs)        000000
__size_of___fldiv                 (abs)        000000
__size_of___flmul                 (abs)        000000
__size_of___fltol                 (abs)        000000
__size_of___wmul                  (abs)        000000
__size_of___xxtofl                (abs)        000000
__size_of_funtion                 (abs)        000000
__size_of_lcd_char                (abs)        000000
__size_of_lcd_command             (abs)        000000
__size_of_lcd_gotoxy              (abs)        000000
__size_of_lcd_number              (abs)        000000
__size_of_lcd_string              (abs)        000000
__size_of_main                    (abs)        000000
__size_of_strlen                  (abs)        000000
__smallconst                      smallconst   000600
_funtion                          intcode      000008
_lcd_char                         text24       0020CA
_lcd_command                      text26       0020F8
_lcd_gotoxy                       text4        001F64
_lcd_number                       text1        001CD8
_lcd_string                       text22       001FC2
_main                             text0        000AEA
_so_xung                          bssCOMRAM    00007D
_state                            bssCOMRAM    000071
_strlen                           text23       002060
_tempC_Ch0                        bssCOMRAM    00007B
_u32TempFrequency                 bssBANK0     000090
_v_dat                            bssCOMRAM    000079
_v_thuc                           bssCOMRAM    000077
btemp                             temp         00007F
end_of_initialization             cinit        00213E
int$flags                         temp         00007F
int_func                          intcode_body 001F02
intlevel0                         text         000000
intlevel1                         text         000000
intlevel2                         text         000000
intlevel3                         text         000000
isa$std                           (abs)        000001
isa$xinst                         (abs)        000000
lcd_char@data                     cstackCOMRAM 000002
lcd_command@cmnd                  cstackCOMRAM 000002
lcd_gotoxy@pos                    cstackCOMRAM 000003
lcd_gotoxy@row                    cstackCOMRAM 000004
lcd_number@num                    cstackCOMRAM 00000F
lcd_number@num_display            cstackCOMRAM 000011
lcd_number@num_div                cstackCOMRAM 000015
lcd_number@num_test               cstackCOMRAM 000013
lcd_string@i                      cstackCOMRAM 000009
lcd_string@str                    cstackCOMRAM 000005
stackhi                           (abs)        0005FF
stacklo                           (abs)        000094
start                             init         00000E
start_initialization              cinit        002126
strlen@a                          cstackCOMRAM 000003
strlen@s                          cstackCOMRAM 000001
ttemp5                            temp         000080
ttemp6                            temp         000083
ttemp7                            temp         000087
wtemp8                            temp         000080


MODULE INFORMATION

Module		Function		Class		Link	Load	Size
C:\Program Files\Microchip\xc8\v2.32\pic\sources\c99\common\awdiv.c
		___awdiv       		CODE           	1DD0	0000	196

C:\Program Files\Microchip\xc8\v2.32\pic\sources\c99\common\awdiv.c estimated size: 196

C:\Program Files\Microchip\xc8\v2.32\pic\sources\c99\common\sprcadd.c
		___fladd       		CODE           	062A	0000	1216

C:\Program Files\Microchip\xc8\v2.32\pic\sources\c99\common\sprcadd.c estimated size: 1216

C:\Program Files\Microchip\xc8\v2.32\pic\sources\c99\common\aldiv.c
		___aldiv       		CODE           	1AC6	0000	268

C:\Program Files\Microchip\xc8\v2.32\pic\sources\c99\common\aldiv.c estimated size: 268

../Pic_Control_Motor_PID.X/newmain.c
		_PWM_Duty1     		CODE           	19B4	0000	274
		_PWM_Duty2     		CODE           	18A2	0000	274
		_Set_Timer2_PWM		CODE           	21D8	0000	18
		_PWM_Frequency 		CODE           	1E94	0000	110
		_LCD_Setting   		CODE           	2196	0000	36
		_main          		CODE           	0AEA	0000	1088
		_funtion       		CODE           	0008	0000	104
		_Cauhinh_LCD   		CODE           	2172	0000	36
		_PortB_INT_Configuration		CODE           	21EA	0000	18
		_Led_Display   		CODE           	2012	0000	78
		_Set_Timer1_Counter		CODE           	21FC	0000	16
		_ADC_Channel0_Configure		CODE           	21BA	0000	30
		_L298_Configuration		CODE           	220C	0000	10
		_Get_ADC       		CODE           	209A	0000	48
		_Clear_Timer1  		CODE           	2216	0000	10

../Pic_Control_Motor_PID.X/newmain.c estimated size: 2150

C:\Program Files\Microchip\xc8\v2.32\pic\sources\c99\common\Umul16.c
		___wmul        		CODE           	214C	0000	38

C:\Program Files\Microchip\xc8\v2.32\pic\sources\c99\common\Umul16.c estimated size: 38

shared
		__initialization		CODE           	2126	0000	24

shared estimated size: 24

C:\Program Files\Microchip\xc8\v2.32\pic\sources\c99\common\sprcmul.c
		___flmul       		CODE           	0F2A	0000	1066

C:\Program Files\Microchip\xc8\v2.32\pic\sources\c99\common\sprcmul.c estimated size: 1066

C:\Program Files\Microchip\xc8\v2.32\pic\sources\c99\common\sprcdiv.c
		___fldiv       		CODE           	1354	0000	922

C:\Program Files\Microchip\xc8\v2.32\pic\sources\c99\common\sprcdiv.c estimated size: 922

C:\Program Files\Microchip\xc8\v2.32\pic\sources\c99\common\fltol.c
		___fltol       		CODE           	1BD2	0000	262

C:\Program Files\Microchip\xc8\v2.32\pic\sources\c99\common\fltol.c estimated size: 262

C:\Program Files\Microchip\xc8\v2.32\pic\sources\c99\common\xxtofl.c
		___xxtofl      		CODE           	16EE	0000	436

C:\Program Files\Microchip\xc8\v2.32\pic\sources\c99\common\xxtofl.c estimated size: 436

C:\Program Files\Microchip\xc8\v2.32\pic\sources\c99\common\strlen.c
		_strlen        		CODE           	2060	0000	58

C:\Program Files\Microchip\xc8\v2.32\pic\sources\c99\common\strlen.c estimated size: 58

../Pic_Control_Motor_PID.X/MyLcd16.c
		_lcd_command   		CODE           	20F8	0000	46
		_lcd_char      		CODE           	20CA	0000	46
		_lcd_gotoxy    		CODE           	1F64	0000	94
		_lcd_string    		CODE           	1FC2	0000	80
		_lcd_number    		CODE           	1CD8	0000	248

../Pic_Control_Motor_PID.X/MyLcd16.c estimated size: 514

